// Jest Snapshot v1, https://goo.gl/fbAQLP

exports[`renders div and its children 1`] = `
.c1 {
  -webkit-flex: 1;
  -ms-flex: 1;
  flex: 1;
}

.c0 {
  display: -webkit-box;
  display: -webkit-flex;
  display: -ms-flexbox;
  display: flex;
  -webkit-flex-direction: column;
  -ms-flex-direction: column;
  flex-direction: column;
}

<div
  class="c0"
>
  <header
    class=""
  >
    <img
      src="header.logo.svg"
    />
    header
  </header>
  <section
    class="c1"
  >
    testing react body
  </section>
  <footer
    class=""
  >
    footer
  </footer>
</div>
`;
