// Jest Snapshot v1, https://goo.gl/fbAQLP

exports[`renders div and its children 1`] = `
.c0 {
  height: 4rem;
  background: #FFFFFF;
  color: #000000;
  box-shadow: 5px 5px 0 #e6e6e6;
}

<footer
  class="c0"
>
  testing react footer
</footer>
`;
